........................................................................ [ 35%]
........................................................................ [ 71%]
..................................FF.....................                [100%]
=================================== FAILURES ===================================
_ test_cursor_deletion_failure_returns_usable_successors_and_allows_replay[ConnectionError] _
tests/integration/encryption_keys/test_list_queries.py:964: in test_cursor_deletion_failure_returns_usable_successors_and_allows_replay
    assert sum(record.exc_info is not None and record.exc_info[1] is error for record in caplog.records) == 6
E   assert 0 == 6
E    +  where 0 = sum(<generator object test_cursor_deletion_failure_returns_usable_successors_and_allows_replay.<locals>.<genexpr> at 0x11355a260>)
_ test_cursor_deletion_failure_returns_usable_successors_and_allows_replay[TimeoutError] _
tests/integration/encryption_keys/test_list_queries.py:964: in test_cursor_deletion_failure_returns_usable_successors_and_allows_replay
    assert sum(record.exc_info is not None and record.exc_info[1] is error for record in caplog.records) == 6
E   assert 0 == 6
E    +  where 0 = sum(<generator object test_cursor_deletion_failure_returns_usable_successors_and_allows_replay.<locals>.<genexpr> at 0x1139392a0>)
=============================== warnings summary ===============================
tests/integration/tasks/test_dispatch_repo.py::test_failure_updates_selected_step_parent_and_optional_ack_without_changing_siblings[step_0-False]
  [APPLICATION_WORKTREE]/.venv/lib/python3.14/site-packages/alembic/config.py:598: DeprecationWarning: No path_separator found in configuration; falling back to legacy splitting on spaces, commas, and colons for prepend_sys_path.  Consider adding path_separator=os to Alembic config.
    util.warn_deprecated(

-- Docs: https://docs.pytest.org/en/stable/how-to/capture-warnings.html
=========================== short test summary info ============================
FAILED tests/integration/encryption_keys/test_list_queries.py::test_cursor_deletion_failure_returns_usable_successors_and_allows_replay[ConnectionError]
FAILED tests/integration/encryption_keys/test_list_queries.py::test_cursor_deletion_failure_returns_usable_successors_and_allows_replay[TimeoutError]
2 failed, 199 passed, 1 warning in 24.22s
