2026-10-07 17:45:36.797 DEV-E-KEYS-POC nbn-service.py[23239]: INFO: Routing ListReplicatedVolumesCommand -> replicated_volumes.list
2026-10-07 17:45:37.433 DEV-E-KEYS-POC nbn-service.py[23239]: INFO: sending message to topic='dbn1/f902fd2c-796c-403b-837b-89d5625319a9/nea/dvista1/31d629af-30b3-413e-a583-d5d3da651eb9/portal'
2026-10-07 17:45:38.276 DEV-E-KEYS-POC nbn-service.py[23239]: INFO: sending message to topic='dbn1/f902fd2c-796c-403b-837b-89d5625319a9/nea/dvista1/31d629af-30b3-413e-a583-d5d3da651eb9/command_ack'
2026-10-07 17:45:38.319 DEV-E-KEYS-POC nbn-service.py[23239]: INFO: CommandAckEvent published task_id=e4fb0275-0737-4616-aa1f-3a6af3093bde status=accepted topic=dbn1/f902fd2c-796c-403b-837b-89d5625319a9/nea/dvista1/31d629af-30b3-413e-a583-d5d3da651eb9/command_ack
2026-10-07 17:45:38.319 DEV-E-KEYS-POC nbn-service.py[23239]: INFO: Routing ListReplicatedVolumesCommand -> replicated_volumes.list
2026-10-07 17:45:38.943 DEV-E-KEYS-POC nbn-service.py[23239]: INFO: sending message to topic='dbn1/f902fd2c-796c-403b-837b-89d5625319a9/nea/dvista1/31d629af-30b3-413e-a583-d5d3da651eb9/portal'
2026-10-07 17:50:07.599 DEV-E-KEYS-POC nbn-service.py[23239]: INFO: checking for FIFO pipeline messages as the last message arrived at least 301 seconds ago
2026-10-07 17:50:07.599 DEV-E-KEYS-POC nbn-service.py[23239]: INFO: sending message to topic='dbn1/f902fd2c-796c-403b-837b-89d5625319a9/nea/dbn1/31d629af-30b3-413e-a583-d5d3da651eb9/nea/fifo/start'
2026-10-07 17:50:30.842 DEV-E-KEYS-POC nbn-service.py[23239]: INFO: received message message.topic='dbn1/f902fd2c-796c-403b-837b-89d5625319a9/nea/31d629af-30b3-413e-a583-d5d3da651eb9/dvista1/nea' message.message_id='f3c8c09a-b4b5-42ac-942f-0bd0a600f777' payload_length=1118 message.object_path=None
2026-10-07 17:50:31.030 DEV-E-KEYS-POC nbn-service.py[23239]: INFO: received message message.topic='dbn1/f902fd2c-796c-403b-837b-89d5625319a9/nea/31d629af-30b3-413e-a583-d5d3da651eb9/dvista1/nea' message.message_id='d7115a95-3da3-46bf-8d0b-4afb9286749e' payload_length=1118 message.object_path=None
2026-10-07 17:50:31.067 DEV-E-KEYS-POC nbn-service.py[23239]: INFO: received message message.topic='dbn1/f902fd2c-796c-403b-837b-89d5625319a9/nea/31d629af-30b3-413e-a583-d5d3da651eb9/dvista1/nea' message.message_id='14524415-9790-4318-bc96-55a4887404a3' payload_length=1130 message.object_path=None
2026-10-07 17:50:31.295 DEV-E-KEYS-POC nbn-service.py[23239]: INFO: received message message.topic='dbn1/f902fd2c-796c-403b-837b-89d5625319a9/nea/31d629af-30b3-413e-a583-d5d3da651eb9/dvista1/nea' message.message_id='5def3dac-7484-4035-b5b7-a5fa1df9bc57' payload_length=1126 message.object_path=None
2026-10-07 17:50:32.063 DEV-E-KEYS-POC nbn-service.py[23239]: INFO: sending message to topic='dbn1/f902fd2c-796c-403b-837b-89d5625319a9/nea/dvista1/31d629af-30b3-413e-a583-d5d3da651eb9/command_ack'
2026-10-07 17:50:32.107 DEV-E-KEYS-POC nbn-service.py[23239]: INFO: CommandAckEvent published task_id=334fb67d-d92d-4158-9972-07f83afd7eae status=accepted topic=dbn1/f902fd2c-796c-403b-837b-89d5625319a9/nea/dvista1/31d629af-30b3-413e-a583-d5d3da651eb9/command_ack
2026-10-07 17:50:32.107 DEV-E-KEYS-POC nbn-service.py[23239]: INFO: Routing ListVolumesCommand -> volumes.list
2026-10-07 17:50:33.649 DEV-E-KEYS-POC nbn-service.py[23239]: INFO: sending message to topic='dbn1/f902fd2c-796c-403b-837b-89d5625319a9/nea/dvista1/31d629af-30b3-413e-a583-d5d3da651eb9/portal'
2026-10-07 17:50:34.470 DEV-E-KEYS-POC nbn-service.py[23239]: INFO: sending message to topic='dbn1/f902fd2c-796c-403b-837b-89d5625319a9/nea/dvista1/31d629af-30b3-413e-a583-d5d3da651eb9/command_ack'
2026-10-07 17:50:34.511 DEV-E-KEYS-POC nbn-service.py[23239]: INFO: CommandAckEvent published task_id=da979f2e-f9b5-44c0-adb7-144f8cafb0d8 status=accepted topic=dbn1/f902fd2c-796c-403b-837b-89d5625319a9/nea/dvista1/31d629af-30b3-413e-a583-d5d3da651eb9/command_ack
2026-10-07 17:50:34.511 DEV-E-KEYS-POC nbn-service.py[23239]: INFO: Routing ListVolumesCommand -> volumes.list
2026-10-07 17:50:36.170 DEV-E-KEYS-POC nbn-service.py[23239]: INFO: sending message to topic='dbn1/f902fd2c-796c-403b-837b-89d5625319a9/nea/dvista1/31d629af-30b3-413e-a583-d5d3da651eb9/portal'
2026-10-07 17:50:36.999 DEV-E-KEYS-POC nbn-service.py[23239]: INFO: sending message to topic='dbn1/f902fd2c-796c-403b-837b-89d5625319a9/nea/dvista1/31d629af-30b3-413e-a583-d5d3da651eb9/command_ack'
2026-10-07 17:50:37.041 DEV-E-KEYS-POC nbn-service.py[23239]: INFO: CommandAckEvent published task_id=334fb67d-d92d-4158-9972-07f83afd7eae status=accepted topic=dbn1/f902fd2c-796c-403b-837b-89d5625319a9/nea/dvista1/31d629af-30b3-413e-a583-d5d3da651eb9/command_ack
2026-10-07 17:50:37.041 DEV-E-KEYS-POC nbn-service.py[23239]: INFO: Routing ListReplicatedVolumesCommand -> replicated_volumes.list
2026-10-07 17:50:37.669 DEV-E-KEYS-POC nbn-service.py[23239]: INFO: sending message to topic='dbn1/f902fd2c-796c-403b-837b-89d5625319a9/nea/dvista1/31d629af-30b3-413e-a583-d5d3da651eb9/portal'
2026-10-07 17:50:38.507 DEV-E-KEYS-POC nbn-service.py[23239]: INFO: sending message to topic='dbn1/f902fd2c-796c-403b-837b-89d5625319a9/nea/dvista1/31d629af-30b3-413e-a583-d5d3da651eb9/command_ack'
2026-10-07 17:50:38.547 DEV-E-KEYS-POC nbn-service.py[23239]: INFO: CommandAckEvent published task_id=da979f2e-f9b5-44c0-adb7-144f8cafb0d8 status=accepted topic=dbn1/f902fd2c-796c-403b-837b-89d5625319a9/nea/dvista1/31d629af-30b3-413e-a583-d5d3da651eb9/command_ack
2026-10-07 17:50:38.548 DEV-E-KEYS-POC nbn-service.py[23239]: INFO: Routing ListReplicatedVolumesCommand -> replicated_volumes.list
2026-10-07 17:50:39.178 DEV-E-KEYS-POC nbn-service.py[23239]: INFO: sending message to topic='dbn1/f902fd2c-796c-403b-837b-89d5625319a9/nea/dvista1/31d629af-30b3-413e-a583-d5d3da651eb9/portal'
2026-10-07 17:55:08.624 DEV-E-KEYS-POC nbn-service.py[23239]: INFO: checking for FIFO pipeline messages as the last message arrived at least 301 seconds ago
2026-10-07 17:55:08.624 DEV-E-KEYS-POC nbn-service.py[23239]: INFO: sending message to topic='dbn1/f902fd2c-796c-403b-837b-89d5625319a9/nea/dbn1/31d629af-30b3-413e-a583-d5d3da651eb9/nea/fifo/start'
2026-10-07 17:55:31.193 DEV-E-KEYS-POC nbn-service.py[23239]: INFO: received message message.topic='dbn1/f902fd2c-796c-403b-837b-89d5625319a9/nea/31d629af-30b3-413e-a583-d5d3da651eb9/dvista1/nea' message.message_id='c2202bd2-a921-4738-83de-5e329db14c8e' payload_length=1118 message.object_path=None
2026-10-07 17:55:31.195 DEV-E-KEYS-POC nbn-service.py[23239]: INFO: received message message.topic='dbn1/f902fd2c-796c-403b-837b-89d5625319a9/nea/31d629af-30b3-413e-a583-d5d3da651eb9/dvista1/nea' message.message_id='000e5052-106c-4a13-a505-70fa05cca6f2' payload_length=1118 message.object_path=None
2026-10-07 17:55:31.410 DEV-E-KEYS-POC nbn-service.py[23239]: INFO: received message message.topic='dbn1/f902fd2c-796c-403b-837b-89d5625319a9/nea/31d629af-30b3-413e-a583-d5d3da651eb9/dvista1/nea' message.message_id='7490da8d-0311-4704-9f20-c8b2d4cbd003' payload_length=1122 message.object_path=None
2026-10-07 17:55:31.451 DEV-E-KEYS-POC nbn-service.py[23239]: INFO: received message message.topic='dbn1/f902fd2c-796c-403b-837b-89d5625319a9/nea/31d629af-30b3-413e-a583-d5d3da651eb9/dvista1/nea' message.message_id='9810efc6-cff6-4507-adc4-14037615db86' payload_length=1122 message.object_path=None
2026-10-07 17:55:32.509 DEV-E-KEYS-POC nbn-service.py[23239]: INFO: sending message to topic='dbn1/f902fd2c-796c-403b-837b-89d5625319a9/nea/dvista1/31d629af-30b3-413e-a583-d5d3da651eb9/command_ack'
2026-10-07 17:55:32.546 DEV-E-KEYS-POC nbn-service.py[23239]: INFO: CommandAckEvent published task_id=db7330ba-2e43-4441-8b5d-ba9317426371 status=accepted topic=dbn1/f902fd2c-796c-403b-837b-89d5625319a9/nea/dvista1/31d629af-30b3-413e-a583-d5d3da651eb9/command_ack
2026-10-07 17:55:32.546 DEV-E-KEYS-POC nbn-service.py[23239]: INFO: Routing ListVolumesCommand -> volumes.list
2026-10-07 17:55:34.137 DEV-E-KEYS-POC nbn-service.py[23239]: INFO: sending message to topic='dbn1/f902fd2c-796c-403b-837b-89d5625319a9/nea/dvista1/31d629af-30b3-413e-a583-d5d3da651eb9/portal'
2026-10-07 17:55:34.963 DEV-E-KEYS-POC nbn-service.py[23239]: INFO: sending message to topic='dbn1/f902fd2c-796c-403b-837b-89d5625319a9/nea/dvista1/31d629af-30b3-413e-a583-d5d3da651eb9/command_ack'
2026-10-07 17:55:34.998 DEV-E-KEYS-POC nbn-service.py[23239]: INFO: CommandAckEvent published task_id=3eed8b6f-170f-4e2d-808e-55a5252a5b28 status=accepted topic=dbn1/f902fd2c-796c-403b-837b-89d5625319a9/nea/dvista1/31d629af-30b3-413e-a583-d5d3da651eb9/command_ack
2026-10-07 17:55:34.998 DEV-E-KEYS-POC nbn-service.py[23239]: INFO: Routing ListVolumesCommand -> volumes.list
2026-10-07 17:55:36.575 DEV-E-KEYS-POC nbn-service.py[23239]: INFO: sending message to topic='dbn1/f902fd2c-796c-403b-837b-89d5625319a9/nea/dvista1/31d629af-30b3-413e-a583-d5d3da651eb9/portal'
2026-10-07 17:55:37.399 DEV-E-KEYS-POC nbn-service.py[23239]: INFO: sending message to topic='dbn1/f902fd2c-796c-403b-837b-89d5625319a9/nea/dvista1/31d629af-30b3-413e-a583-d5d3da651eb9/command_ack'
2026-10-07 17:55:37.433 DEV-E-KEYS-POC nbn-service.py[23239]: INFO: CommandAckEvent published task_id=db7330ba-2e43-4441-8b5d-ba9317426371 status=accepted topic=dbn1/f902fd2c-796c-403b-837b-89d5625319a9/nea/dvista1/31d629af-30b3-413e-a583-d5d3da651eb9/command_ack
2026-10-07 17:55:37.434 DEV-E-KEYS-POC nbn-service.py[23239]: INFO: Routing ListReplicatedVolumesCommand -> replicated_volumes.list
2026-10-07 17:55:38.063 DEV-E-KEYS-POC nbn-service.py[23239]: INFO: sending message to topic='dbn1/f902fd2c-796c-403b-837b-89d5625319a9/nea/dvista1/31d629af-30b3-413e-a583-d5d3da651eb9/portal'
2026-10-07 17:55:38.905 DEV-E-KEYS-POC nbn-service.py[23239]: INFO: sending message to topic='dbn1/f902fd2c-796c-403b-837b-89d5625319a9/nea/dvista1/31d629af-30b3-413e-a583-d5d3da651eb9/command_ack'
2026-10-07 17:55:38.950 DEV-E-KEYS-POC nbn-service.py[23239]: INFO: CommandAckEvent published task_id=3eed8b6f-170f-4e2d-808e-55a5252a5b28 status=accepted topic=dbn1/f902fd2c-796c-403b-837b-89d5625319a9/nea/dvista1/31d629af-30b3-413e-a583-d5d3da651eb9/command_ack
2026-10-07 17:55:38.951 DEV-E-KEYS-POC nbn-service.py[23239]: INFO: Routing ListReplicatedVolumesCommand -> replicated_volumes.list
2026-10-07 17:55:39.573 DEV-E-KEYS-POC nbn-service.py[23239]: INFO: sending message to topic='dbn1/f902fd2c-796c-403b-837b-89d5625319a9/nea/dvista1/31d629af-30b3-413e-a583-d5d3da651eb9/portal'
